// Jest Snapshot v1, https://goo.gl/fbAQLP

exports[`Content left panel renders 1`] = `
<div
  className="row"
>
  <div
    className="col-md-4"
  >
    <h1>
      Categories
    </h1>
  </div>
  <div
    className="col-md-8"
  >
    <h1>
      Latest Items
    </h1>
  </div>
</div>
`;
